// Jest Snapshot v1, https://goo.gl/fbAQLP

exports[`App with ReactDOM should render successfully 1`] = `
<div
  data-testid="container"
>
  <div
    class="header "
  >
    <div
      class="wrapper"
    >
      <div
        class="leftWrapper"
      >
        <a
          class="iconWrapper"
          href="/"
        >
          <svg
            height="24"
            viewBox="0 0 24 24"
            width="24"
            xmlns="http://www.w3.org/2000/svg"
          >
            <path
              d="M2 15.5v2h20v-2H2zm0-5v2h20v-2H2zm0-5v2h20v-2H2z"
            />
            <path
              d="M0 0h24v24H0z"
              fill="none"
            />
          </svg>
        </a>
        <h4>
          Swiss Re
        </h4>
      </div>
      <div
        class="icon"
        data-test-id="switchMode"
      >
        <svg
          height="24"
          viewBox="0 0 24 24"
          width="24"
          xmlns="http://www.w3.org/2000/svg"
        >
          <path
            d="M-74 29h48v48h-48V29zM0 0h24v24H0V0zm0 0h24v24H0V0z"
            fill="none"
          />
          <path
            d="M13 12h7v1.5h-7zm0-2.5h7V11h-7zm0 5h7V16h-7zM21 4H3c-1.1 0-2 .9-2 2v13c0 1.1.9 2 2 2h18c1.1 0 2-.9 2-2V6c0-1.1-.9-2-2-2zm0 15h-9V6h9v13z"
          />
        </svg>
      </div>
    </div>
  </div>
  <div
    class="subheader  "
    data-test-id="all"
  >
    <h3>
      Assessors
    </h3>
    <div
      class="container"
    >
      All
    </div>
    <div
      class="iconWrapper"
    >
      <svg
        height="24"
        viewBox="0 0 24 24"
        width="24"
        xmlns="http://www.w3.org/2000/svg"
      >
        <path
          d="M4 11h5V5H4v6zm0 7h5v-6H4v6zm6 0h5v-6h-5v6zm6 0h5v-6h-5v6zm-6-7h5V5h-5v6zm6-6v6h5V5h-5z"
        />
        <path
          d="M0 0h24v24H0z"
          fill="none"
        />
      </svg>
      <svg
        height="24"
        viewBox="0 0 24 24"
        width="24"
        xmlns="http://www.w3.org/2000/svg"
      >
        <path
          d="M3 18h6v-2H3v2zM3 6v2h18V6H3zm0 7h12v-2H3v2z"
        />
        <path
          d="M0 0h24v24H0z"
          fill="none"
        />
      </svg>
      <svg
        height="20"
        viewBox="0 0 20 20"
        width="20"
        xmlns="http://www.w3.org/2000/svg"
      >
        <path
          d="M0 0h20v20H0V0z"
          fill="none"
        />
        <path
          d="M15.95 10.78c.03-.25.05-.51.05-.78s-.02-.53-.06-.78l1.69-1.32c.15-.12.19-.34.1-.51l-1.6-2.77c-.1-.18-.31-.24-.49-.18l-1.99.8c-.42-.32-.86-.58-1.35-.78L12 2.34c-.03-.2-.2-.34-.4-.34H8.4c-.2 0-.36.14-.39.34l-.3 2.12c-.49.2-.94.47-1.35.78l-1.99-.8c-.18-.07-.39 0-.49.18l-1.6 2.77c-.1.18-.06.39.1.51l1.69 1.32c-.04.25-.07.52-.07.78s.02.53.06.78L2.37 12.1c-.15.12-.19.34-.1.51l1.6 2.77c.1.18.31.24.49.18l1.99-.8c.42.32.86.58 1.35.78l.3 2.12c.04.2.2.34.4.34h3.2c.2 0 .37-.14.39-.34l.3-2.12c.49-.2.94-.47 1.35-.78l1.99.8c.18.07.39 0 .49-.18l1.6-2.77c.1-.18.06-.39-.1-.51l-1.67-1.32zM10 13c-1.65 0-3-1.35-3-3s1.35-3 3-3 3 1.35 3 3-1.35 3-3 3z"
        />
      </svg>
      <svg
        height="24"
        viewBox="0 0 24 24"
        width="24"
        xmlns="http://www.w3.org/2000/svg"
      >
        <path
          d="M0 0h24v24H0z"
          fill="none"
        />
        <path
          d="M12 8c1.1 0 2-.9 2-2s-.9-2-2-2-2 .9-2 2 .9 2 2 2zm0 2c-1.1 0-2 .9-2 2s.9 2 2 2 2-.9 2-2-.9-2-2-2zm0 6c-1.1 0-2 .9-2 2s.9 2 2 2 2-.9 2-2-.9-2-2-2z"
        />
      </svg>
    </div>
  </div>
  <div
    class="fullScreenWrapper"
  >
    <div
      class="loader-ios"
    >
      <svg
        height="60"
        viewBox="0 0 27 27"
        width="60"
        xmlns="http://www.w3.org/2000/svg"
      >
        <path
          d="M18.696,10.5c-0.275-0.479-0.113-1.09,0.365-1.367l4.759-2.751c0.482-0.273,1.095-0.11,1.37,0.368 c0.276,0.479,0.115,1.092-0.364,1.364l-4.764,2.751C19.583,11.141,18.973,10.977,18.696,10.5z"
        />
        <path
          d="M16.133,6.938l2.75-4.765c0.276-0.478,0.889-0.643,1.367-0.366c0.479,0.276,0.641,0.886,0.365,1.366l-2.748,4.762 C17.591,8.415,16.979,8.58,16.5,8.303C16.021,8.027,15.856,7.414,16.133,6.938z"
        />
        <path
          d="M13.499,7.5c-0.552,0-1-0.448-1-1.001V1c0-0.554,0.448-1,1-1c0.554,0,1.003,0.447,1.003,1v5.499 C14.5,7.053,14.053,7.5,13.499,7.5z"
        />
        <path
          d="M8.303,10.5c-0.277,0.477-0.888,0.641-1.365,0.365L2.175,8.114C1.697,7.842,1.532,7.229,1.808,6.75 c0.277-0.479,0.89-0.642,1.367-0.368l4.762,2.751C8.416,9.41,8.58,10.021,8.303,10.5z"
        />
        <path
          d="M9.133,7.937l-2.75-4.763c-0.276-0.48-0.111-1.09,0.365-1.366c0.479-0.277,1.09-0.114,1.367,0.366l2.75,4.765 c0.274,0.476,0.112,1.088-0.367,1.364C10.021,8.581,9.409,8.415,9.133,7.937z"
        />
        <path
          d="M6.499,14.5H1c-0.554,0-1-0.448-1-1c0-0.554,0.447-1.001,1-1.001h5.499c0.552,0,1.001,0.448,1.001,1.001 C7.5,14.052,7.052,14.5,6.499,14.5z"
        />
        <path
          d="M8.303,16.502c0.277,0.478,0.113,1.088-0.365,1.366l-4.762,2.749c-0.478,0.273-1.091,0.112-1.368-0.366 c-0.276-0.479-0.111-1.089,0.367-1.368l4.762-2.748C7.415,15.856,8.026,16.021,8.303,16.502z"
        />
        <path
          d="M10.866,20.062l-2.75,4.767c-0.277,0.475-0.89,0.639-1.367,0.362c-0.477-0.277-0.642-0.886-0.365-1.365l2.75-4.764 c0.277-0.477,0.888-0.638,1.366-0.365C10.978,18.974,11.141,19.585,10.866,20.062z"
        />
        <path
          d="M13.499,19.502c0.554,0,1.003,0.448,1.003,1.002v5.498c0,0.55-0.448,0.999-1.003,0.999c-0.552,0-1-0.447-1-0.999v-5.498 C12.499,19.95,12.946,19.502,13.499,19.502z"
        />
        <path
          d="M17.867,19.062l2.748,4.764c0.275,0.479,0.113,1.088-0.365,1.365c-0.479,0.276-1.091,0.112-1.367-0.362l-2.75-4.767 c-0.276-0.477-0.111-1.088,0.367-1.365C16.979,18.424,17.591,18.585,17.867,19.062z"
        />
        <path
          d="M18.696,16.502c0.276-0.48,0.887-0.646,1.365-0.367l4.765,2.748c0.479,0.279,0.64,0.889,0.364,1.368 c-0.275,0.479-0.888,0.64-1.37,0.366l-4.759-2.749C18.583,17.59,18.421,16.979,18.696,16.502z"
        />
        <path
          d="M25.998,12.499h-5.501c-0.552,0-1.001,0.448-1.001,1.001c0,0.552,0.447,1,1.001,1h5.501c0.554,0,1.002-0.448,1.002-1 C27,12.946,26.552,12.499,25.998,12.499z"
        />
      </svg>
    </div>
  </div>
</div>
`;
